// Jest Snapshot v1, https://goo.gl/fbAQLP

exports[`renders correctly 1`] = `
Array [
  <div
    className="customClass"
  >
    This is a dumb component
  </div>,
  <div>
    The button below has the SantanderText-Regular font-family. You DONT need to put any fonts in the project. See index.js imports and find fonts.scss from everest. You can use all fonts provided by ux for free. Also, See the icons.scss import, to use all icons in our set. See more : https://everest-storybook-everest-ui-storybook.apps.ocppaz1.ar.bsch/?path=/story/components-icon--icon-set
  </div>,
  <button
    className="styled__StyledButton-kdcIry fqYQOA"
    disabled={false}
    onClick={[Function]}
    size="small"
    type="primary"
  >
    Hello!
    <span
      className="icon-SYS001"
      style={
        Object {
          "color": "inherit",
          "fontSize": "24px",
        }
      }
    />
  </button>,
]
`;
